// Jest Snapshot v1, https://goo.gl/fbAQLP

exports[`Home component should match with snapshot 1`] = `
<DocumentFragment>
  <div>
    <h1>
      Post details: 
    </h1>
    <br />
    <div />
  </div>
</DocumentFragment>
`;
